../src/hw/driver/cli.c:111:6:cliInit	8	static
../src/hw/driver/cli.c:137:6:cliOpen	16	static
../src/hw/driver/cli.c:146:6:cliOpenLog	32	static
../src/hw/driver/cli.c:162:6:cliLogClose	8	static
../src/hw/driver/cli.c:168:6:cliShowLog	24	static
../src/hw/driver/cli.c:188:6:cliShowPrompt	16	static
../src/hw/driver/cli.c:194:6:cliMain	16	static
../src/hw/driver/cli.c:219:6:cliUpdate	64	static
../src/hw/driver/cli.c:430:6:cliLineClean	16	static
../src/hw/driver/cli.c:438:6:cliLineAdd	16	static
../src/hw/driver/cli.c:453:6:cliLineChange	32	static
../src/hw/driver/cli.c:495:6:cliRunCmd	24	static
../src/hw/driver/cli.c:521:6:cliParseArgs	40	static
../src/hw/driver/cli.c:553:6:cliPrintf	24	static
../src/hw/driver/cli.c:567:6:cliToUpper	24	static
../src/hw/driver/cli.c:594:9:cliArgsGetData	24	static
../src/hw/driver/cli.c:610:7:cliArgsGetFloat	24	static
../src/hw/driver/cli.c:626:7:cliArgsGetStr	24	static
../src/hw/driver/cli.c:642:6:cliArgsIsStr	24	static
../src/hw/driver/cli.c:661:6:cliKeepLoop	16	static
../src/hw/driver/cli.c:676:6:cliAdd	40	static
../src/hw/driver/cli.c:699:6:cliShowList	24	static
../src/hw/driver/cli.c:716:6:cliExit	16	static
../src/hw/driver/cli.c:721:6:cliMemoryDump	56	static
